
> alhusainia-accounting@2.0.0 test D:\Projects26\ALHUSAINIA\husseiniya-platform
> vitest run ";" "echo" "EXIT=0"


[1m[7m[36m RUN [39m[27m[22m [36mv2.1.9 [39m[90mD:/Projects26/ALHUSAINIA/husseiniya-platform[39m

 ELIFECYCLE  Test failed. See above for more details.
